Starting server on port 8080
Starting server on port 8001
